// Jest Snapshot v1, https://goo.gl/fbAQLP

exports[`DailyForecast renders correctly 1`] = `
<DocumentFragment>
  <div
    class="DailyForecast"
    data-testid="daily-forecast"
  >
    <div
      class="DailyForecast_date"
    >
      Fri, 4 May
    </div>
    <i
      aria-label="Rainy icon"
      class="wi wi-day-rain DailyForecast_icon"
      data-testid="weather-icon"
      name="owm"
    />
    <div
      class="DailyForecast_temperature"
    >
      6Â°c
    </div>
    <div
      class="DailyForecast_description"
    >
      Rainy
    </div>
    <button
      class="DailyForecast_more-details"
      type="button"
    >
      More details
    </button>
  </div>
</DocumentFragment>
`;
